spi_ili9341.c:40:6:TFT9341_FontsIni	4	static
spi_ili9341.c:57:6:TFT9341_SendData	16	static
spi_ili9341.c:63:6:TFT9341_SendCommand	16	static
spi_ili9341.c:69:6:TFT9341_reset	8	static
spi_ili9341.c:76:6:TFT9341_ini	32	static
spi_ili9341.c:217:13:TFT9341_WriteData	24	static
spi_ili9341.c:229:13:TFT9341_SetAddrWindow	32	static
spi_ili9341.c:249:6:TFT9341_FillRect	48	static
spi_ili9341.c:301:6:TFT9341_FillScreen	24	static
spi_ili9341.c:323:10:TFT9341_RandColor	8	static
spi_ili9341.c:328:6:TFT9341_DrawPixel	24	static
spi_ili9341.c:337:6:TFT9341_DrawLine	56	static
spi_ili9341.c:370:6:TFT9341_DrawCircle	48	static
spi_ili9341.c:403:6:TFT9341_SetTextColor	16	static
spi_ili9341.c:408:6:TFT9341_SetBackColor	16	static
spi_ili9341.c:413:6:TFT9341_SetFont	16	static
spi_ili9341.c:418:6:TFT9341_DrawChar	48	static
spi_ili9341.c:462:6:TFT9341_DrawChar_DMA	56	static
spi_ili9341.c:522:6:TFT9341_String	16	static
spi_ili9341.c:532:6:TFT9341_String_DMA	16	static
spi_ili9341.c:542:6:TFT9341_SetRotation	16	static
