main.c:202:6:HAL_SPI_TxCpltCallback	16	static
main.c:250:5:main	8	static
main.c:373:6:SystemClock_Config	88	static
main.c:417:13:MX_ADC1_Init	24	static
main.c:467:13:MX_I2C2_Init	8	static
main.c:501:13:MX_I2C3_Init	8	static
main.c:535:13:MX_RNG_Init	8	static
main.c:561:13:MX_SPI1_Init	8	static
main.c:599:13:MX_SPI2_Init	8	static
main.c:637:13:MX_TIM3_Init	32	static
main.c:682:13:MX_TIM10_Init	8	static
main.c:711:13:MX_DMA_Init	16	static
main.c:729:13:MX_GPIO_Init	56	static
main.c:883:6:StartDefaultTask	16	static
main.c:903:6:Start_Show_Resources	1152	static
main.c:974:6:Start_UART_Task	1048	static
main.c:1003:6:Start_LCD	16	static
main.c:1036:6:Start_LCD_touchscreen	216	static
main.c:1097:6:Start_RTC	112	static
main.c:1271:6:HAL_TIM_PeriodElapsedCallback	16	static
main.c:1298:6:Error_Handler	4	static,ignoring_inline_asm
