main.c:208:6:HAL_SPI_TxCpltCallback	16	static
main.c:258:5:main	8	static
main.c:383:6:SystemClock_Config	88	static
main.c:427:13:MX_ADC1_Init	24	static
main.c:477:13:MX_I2C2_Init	8	static
main.c:511:13:MX_I2C3_Init	8	static
main.c:545:13:MX_RNG_Init	8	static
main.c:571:13:MX_SPI1_Init	8	static
main.c:609:13:MX_SPI2_Init	8	static
main.c:647:13:MX_TIM1_Init	56	static
main.c:697:13:MX_TIM3_Init	32	static
main.c:742:13:MX_TIM7_Init	16	static
main.c:780:13:MX_TIM10_Init	8	static
main.c:809:13:MX_DMA_Init	16	static
main.c:827:13:MX_GPIO_Init	56	static
main.c:991:6:StartDefaultTask	16	static
main.c:1011:6:Start_Show_Resources	1152	static
main.c:1082:6:Start_UART_Task	1048	static
main.c:1111:6:Start_LCD	16	static
main.c:1144:6:Start_LCD_touchscreen	216	static
main.c:1205:6:Start_RTC	24	static
main.c:2171:6:HAL_TIM_PeriodElapsedCallback	16	static
main.c:2198:6:Error_Handler	4	static,ignoring_inline_asm
