stm32f4xx_it.c:80:6:NMI_Handler	4	static
stm32f4xx_it.c:95:6:HardFault_Handler	4	static
stm32f4xx_it.c:110:6:MemManage_Handler	4	static
stm32f4xx_it.c:125:6:BusFault_Handler	4	static
stm32f4xx_it.c:140:6:UsageFault_Handler	4	static
stm32f4xx_it.c:155:6:DebugMon_Handler	4	static
stm32f4xx_it.c:175:6:DMA1_Stream4_IRQHandler	8	static
stm32f4xx_it.c:189:6:TIM1_UP_TIM10_IRQHandler	8	static
stm32f4xx_it.c:205:6:TIM3_IRQHandler	8	static
stm32f4xx_it.c:219:6:SPI2_IRQHandler	8	static
stm32f4xx_it.c:233:6:EXTI15_10_IRQHandler	8	static
stm32f4xx_it.c:248:6:TIM8_TRG_COM_TIM14_IRQHandler	8	static
stm32f4xx_it.c:262:6:TIM7_IRQHandler	8	static
stm32f4xx_it.c:298:6:OTG_FS_IRQHandler	8	static
