stm32f4xx_it.c:77:6:NMI_Handler	4	static
stm32f4xx_it.c:92:6:HardFault_Handler	4	static
stm32f4xx_it.c:107:6:MemManage_Handler	4	static
stm32f4xx_it.c:122:6:BusFault_Handler	4	static
stm32f4xx_it.c:137:6:UsageFault_Handler	4	static
stm32f4xx_it.c:152:6:DebugMon_Handler	4	static
stm32f4xx_it.c:172:6:DMA1_Stream4_IRQHandler	8	static
stm32f4xx_it.c:186:6:TIM1_UP_TIM10_IRQHandler	8	static
stm32f4xx_it.c:202:6:TIM3_IRQHandler	8	static
stm32f4xx_it.c:216:6:SPI2_IRQHandler	8	static
stm32f4xx_it.c:230:6:TIM8_TRG_COM_TIM14_IRQHandler	8	static
stm32f4xx_it.c:244:6:OTG_FS_IRQHandler	8	static
